running 2 tests
test divide_by_zero_f64_with_lambda::_0_0_expects_with_v_f64_assert_v_is_nan_ ... ok
test divide_by_zero_f64_with_lambda::_1_0_expects_with_v_f64_assert_v_is_infinite_ ... ok
test result: ok. 2 passed; 0 failed; 0 ignored; 0 measured; 0 filtered out